// Jest Snapshot v1, https://goo.gl/fbAQLP

exports[`contenteditable should perform initial setup 1`] = `
<div
  contentEditable={true}
  dangerouslySetInnerHTML={
    Object {
      "__html": "<p><br></p>",
    }
  }
  onBlur={[Function]}
  onFocus={[Function]}
  onInput={[Function]}
  onSelect={[Function]}
  suppressContentEditableWarning={true}
/>
`;
